// Jest Snapshot v1, https://goo.gl/fbAQLP

exports[`upload-external-media.ts: Uploads external media to media services 1`] = `
Object {
  "content": Array [
    Object {
      "attrs": Object {
        "layout": "center",
        "width": null,
      },
      "content": Array [
        Object {
          "attrs": Object {
            "__contextId": "DUMMY-OBJECT-ID",
            "__displayType": null,
            "__fileMimeType": null,
            "__fileName": "example.png",
            "__fileSize": null,
            "collection": "MediaServicesSample",
            "height": 619,
            "id": "1234-5678-abcd-efgh",
            "occurrenceKey": "215d3be9-14dc-476d-a867-a43462c743f8",
            "type": "file",
            "url": null,
            "width": 1100,
          },
          "type": "media",
        },
      ],
      "type": "mediaSingle",
    },
    Object {
      "type": "paragraph",
    },
  ],
  "type": "doc",
}
`;
