// Jest Snapshot v1, https://goo.gl/fbAQLP

exports[`Decoding url URL class does not exist 1`] = `"https://example.com/test%2C,%20,%20space"`;

exports[`Decoding url URL class does not have a href property 1`] = `"https://example.com/test%2C,%20,%20space"`;

exports[`Decoding url URL class is used if it exists 1`] = `"https://example.com/test%2C,%20,%20space"`;
