// Jest Snapshot v1, https://goo.gl/fbAQLP

exports[`ScreenTracker should render correctly 1`] = `
<WithAnalyticsEvents(ScreenTrackerBase)
  isVisible={false}
  name="test"
>
  <WithAnalyticsEvents
    forwardedRef={null}
    isVisible={false}
    name="test"
  >
    <AnalyticsContextConsumer>
      <ScreenTrackerBase
        createAnalyticsEvent={[Function]}
        isVisible={false}
        name="test"
      />
    </AnalyticsContextConsumer>
  </WithAnalyticsEvents>
</WithAnalyticsEvents(ScreenTrackerBase)>
`;
