// Jest Snapshot v1, https://goo.gl/fbAQLP

exports[`Team mention description should render Team Mention description component 1`] = `
<styled.span>
  <FormattedMessage
    defaultMessage="{count} {count, plural, one {member} other {members}}{includes, select, true {, including you} other {}}"
    description="Number of members in the team and whether it includes the current user"
    id="fabric.elements.mentions.team.member.count"
    values={
      Object {
        "count": 5,
        "includes": true,
      }
    }
  />
</styled.span>
`;
