// Jest Snapshot v1, https://goo.gl/fbAQLP

exports[`inline-1.ts: pasting a link converts to an inline card 1`] = `
Object {
  "content": Array [
    Object {
      "content": Array [
        Object {
          "text": "hello have a link https://www.atlassian.com",
          "type": "text",
        },
      ],
      "type": "paragraph",
    },
  ],
  "type": "doc",
}
`;
